C51 COMPILER V9.00   CSB                                                                   09/19/2018 14:52:50 PAGE 1   


C51 COMPILER V9.00, COMPILATION OF MODULE CSB
OBJECT MODULE PLACED IN csb.OBJ
COMPILER INVOKED BY: C:\Keil\C51\BIN\C51.EXE csb.c BROWSE DEBUG OBJECTEXTEND

line level    source

   1          #include<reg52.h>
   2          #include<intrins.h>
   3          #define uchar unsigned char
   4          #define uint unsigned int
   5          
   6          
   7          sbit OUT1=P1^0;
   8          sbit OUT2=P1^1;
   9          sbit OUT3=P1^2;
  10          sbit OUT4=P1^3;
  11          sbit OUT5=P1^4;
  12          sbit OUT6=P1^5;
  13          sbit OUT7=P1^6;
  14          sbit OUT8=P1^7;
  15          sbit IN4=P3^3;
  16          sbit IN3=P3^2;
  17          sbit IN2=P3^1;
  18          sbit IN1=P3^0;
  19          
  20          sbit light1=P2^1;
  21                   sbit light2=P2^2;
  22          
  23          
  24             int i,z,t;
  25          
  26          
  27          void delay1(uint z)//1ms
  28          {
  29   1              uint x,y;
  30   1              for(x=z;x>0;x--)
  31   1                      for(y=120;y>0;y--);     
  32   1      }       
  33                  
  34                                           
  35          void main()
  36          {
  37   1             
  38   1                OUT1=1;                 
  39   1                OUT2=0;
  40   1                OUT3=1 ;
  41   1                OUT4=0;
  42   1                OUT5=1;               
  43   1                OUT6=0;
  44   1                OUT7=1;
  45   1                OUT8=0;         light1=0;             light2=0;
  46   1                delay1(20);
  47   1                      
  48   1               
  49   1      
  50   1      
  51   1      
  52   1              while(IN4==0)
  53   1                {
  54   2                OUT1=0;
  55   2                OUT2=0;
C51 COMPILER V9.00   CSB                                                                   09/19/2018 14:52:50 PAGE 2   

  56   2                OUT3=0 ;
  57   2                OUT4=1;
  58   2                OUT5=0;
  59   2                OUT6=0;
  60   2                OUT7=0;
  61   2                OUT8=1;       light1=1;
  62   2                delay1(800);
  63   2                
  64   2                 }    
  65   1      
  66   1                      while(IN3==0)
  67   1                {
  68   2                OUT1=0;
  69   2                OUT2=0;
  70   2                OUT3=0;
  71   2                OUT4=1;
  72   2                OUT5=0;
  73   2                OUT6=0;
  74   2                OUT7=0;
  75   2                OUT8=1;                       light1=1;  
  76   2                               delay1(800);
  77   2                  }   
  78   1      
  79   1            while(IN2==0)
  80   1                {
  81   2                OUT1=0;
  82   2                OUT2=0;
  83   2                OUT3=0;
  84   2                OUT4=1;
  85   2                OUT5=0;
  86   2                OUT6=0;
  87   2                OUT7=0;
  88   2                OUT8=1;       light1=1;
  89   2                 delay1(800);
  90   2                 }
  91   1                 
  92   1                        while(IN1==0)
  93   1                {
  94   2                OUT1=0;
  95   2                OUT2=0;
  96   2                OUT3=0;
  97   2                OUT4=1;
  98   2                OUT5=0;
  99   2                OUT6=0;
 100   2                OUT7=0;
 101   2                OUT8=1;          light1=1;
 102   2                 delay1(800);
 103   2                  }   
 104   1                       
 105   1      }               


MODULE INFORMATION:   STATIC OVERLAYABLE
   CODE SIZE        =    133    ----
   CONSTANT SIZE    =   ----    ----
   XDATA SIZE       =   ----    ----
   PDATA SIZE       =   ----    ----
   DATA SIZE        =      6    ----
   IDATA SIZE       =   ----    ----
   BIT SIZE         =   ----    ----
END OF MODULE INFORMATION.


C51 COMPILATION COMPLETE.  0 WARNING(S),  0 ERROR(S)
